nohup: ignoring input
INFO 2026-02-19 10:22:45,449 autoreload: Watching for file changes with StatReloader
INFO 2026-02-19 10:22:56,417 basehttp: "GET /health/ HTTP/1.1" 200 137
WARNING 2026-02-19 10:22:56,435 log: Not Found: /api/platform/organizations/
WARNING 2026-02-19 10:22:56,435 basehttp: "GET /api/platform/organizations/ HTTP/1.1" 404 58281
INFO 2026-02-19 10:32:35,743 basehttp: "GET /health/ HTTP/1.1" 200 137
WARNING 2026-02-19 10:32:35,753 log: Not Found: /api/platform/organizations/
WARNING 2026-02-19 10:32:35,753 basehttp: "GET /api/platform/organizations/ HTTP/1.1" 404 58281
INFO 2026-02-19 10:35:36,984 basehttp: "POST /api/acme/auth/login/ HTTP/1.1" 200 1203
INFO 2026-02-19 10:35:36,996 basehttp: "GET /api/acme/tickets/ HTTP/1.1" 200 2066
WARNING 2026-02-19 10:35:37,003 log: Not Found: /api/beta/tickets/
WARNING 2026-02-19 10:35:37,003 basehttp: "GET /api/beta/tickets/ HTTP/1.1" 404 53
INFO 2026-02-19 10:35:37,010 basehttp: "GET /api/acme/auth/me/ HTTP/1.1" 200 597
INFO 2026-02-19 10:36:03,490 autoreload: /home/ashish/Documents/ticket_system_v1/ticket_system_django/apps/tickets/views.py changed, reloading.
Performing system checks...

System check identified no issues (1 silenced).
February 19, 2026 - 10:22:45
Django version 5.2.9, using settings 'config.settings.base'
Starting development server at http://0.0.0.0:8001/
Quit the server with CONTROL-C.

WARNING: This is a development server. Do not use it in a production setting. Use a production WSGI or ASGI server instead.
For more information on production servers see: https://docs.djangoproject.com/en/5.2/howto/deployment/
INFO 2026-02-19 10:36:03,902 autoreload: Watching for file changes with StatReloader
INFO 2026-02-19 10:36:17,359 autoreload: /home/ashish/Documents/ticket_system_v1/ticket_system_django/apps/tickets/views.py changed, reloading.
Performing system checks...

System check identified no issues (1 silenced).
February 19, 2026 - 10:36:04
Django version 5.2.9, using settings 'config.settings.base'
Starting development server at http://0.0.0.0:8001/
Quit the server with CONTROL-C.

WARNING: This is a development server. Do not use it in a production setting. Use a production WSGI or ASGI server instead.
For more information on production servers see: https://docs.djangoproject.com/en/5.2/howto/deployment/
INFO 2026-02-19 10:36:17,768 autoreload: Watching for file changes with StatReloader
INFO 2026-02-19 10:38:10,501 basehttp: "POST /api/acme/auth/login/ HTTP/1.1" 200 1203
INFO 2026-02-19 10:38:10,513 basehttp: "GET /api/acme/tickets/ HTTP/1.1" 200 2066
INFO 2026-02-19 10:38:10,525 basehttp: "GET /api/acme/tickets/?page_size=10 HTTP/1.1" 200 2066
INFO 2026-02-19 10:38:10,536 basehttp: "GET /api/acme/tickets/?page_size=25 HTTP/1.1" 200 2066
WARNING 2026-02-19 10:38:10,542 log: Not Found: /api/acme/tickets/
WARNING 2026-02-19 10:38:10,542 basehttp: "GET /api/acme/tickets/?page_size=10&page=2 HTTP/1.1" 404 26
INFO 2026-02-19 10:39:10,600 basehttp: "POST /api/acme/auth/login/ HTTP/1.1" 200 1203
INFO 2026-02-19 10:39:10,614 basehttp: "GET /api/acme/tickets/ HTTP/1.1" 200 8181
INFO 2026-02-19 10:39:10,626 basehttp: "GET /api/acme/tickets/?page_size=10 HTTP/1.1" 200 4154
INFO 2026-02-19 10:39:10,640 basehttp: "GET /api/acme/tickets/?page_size=25 HTTP/1.1" 200 10209
INFO 2026-02-19 10:39:10,651 basehttp: "GET /api/acme/tickets/?page_size=10&page=2 HTTP/1.1" 200 4199
INFO 2026-02-19 10:40:31,044 basehttp: "GET /acme/login HTTP/1.1" 200 13093
INFO 2026-02-19 10:40:31,080 basehttp: "GET /static/css/style.css HTTP/1.1" 200 5880
INFO 2026-02-19 10:40:31,080 basehttp: "GET /static/images/logo.png HTTP/1.1" 200 0
INFO 2026-02-19 10:40:31,083 basehttp: "GET /static/js/api.js?v=20260205 HTTP/1.1" 200 24962
INFO 2026-02-19 10:40:31,084 basehttp: "GET /static/js/auth.js?v=20260205 HTTP/1.1" 200 5890
INFO 2026-02-19 10:40:31,131 basehttp: "GET /static/img/login_bg.png HTTP/1.1" 200 553045
INFO 2026-02-19 10:40:37,972 basehttp: "GET /static/images/logo.png HTTP/1.1" 200 0
INFO 2026-02-19 10:40:47,926 basehttp: "POST /api/acme/auth/login/ HTTP/1.1" 200 1203
INFO 2026-02-19 10:40:48,740 basehttp: "GET /acme/dashboard HTTP/1.1" 200 55195
INFO 2026-02-19 10:40:48,753 basehttp: "GET /static/css/design-system.css HTTP/1.1" 200 20691
INFO 2026-02-19 10:40:48,761 basehttp: "GET /static/css/animations.css HTTP/1.1" 200 13249
INFO 2026-02-19 10:40:48,761 basehttp: "GET /static/js/animations.js?v=20260205_1 HTTP/1.1" 200 5983
INFO 2026-02-19 10:40:48,762 basehttp: "GET /static/js/utils.js?v=20260205_1 HTTP/1.1" 200 9028
INFO 2026-02-19 10:40:48,762 basehttp: "GET /static/js/api.js?v=20260205_2 HTTP/1.1" 200 24962
INFO 2026-02-19 10:40:48,765 basehttp: "GET /static/js/auth.js?v=20260205_2 HTTP/1.1" 200 5890
INFO 2026-02-19 10:40:48,849 basehttp: "GET /api/acme/notifications/unread-count/ HTTP/1.1" 200 11
INFO 2026-02-19 10:40:48,859 basehttp: "GET /api/acme/tickets/stats/ HTTP/1.1" 200 298
INFO 2026-02-19 10:40:48,959 basehttp: "GET /api/acme/tickets/?page=1&per_page=10 HTTP/1.1" 200 8193
INFO 2026-02-19 10:40:49,292 basehttp: "GET /api/acme/tickets/recent-activity/?limit=30 HTTP/1.1" 200 2
WARNING 2026-02-19 10:40:57,243 log: Not Found: /acme/tickets/
WARNING 2026-02-19 10:40:57,243 basehttp: "GET /acme/tickets/ HTTP/1.1" 404 11542
WARNING 2026-02-19 10:40:57,307 log: Not Found: /favicon.ico
WARNING 2026-02-19 10:40:57,307 basehttp: "GET /favicon.ico HTTP/1.1" 404 5790
INFO 2026-02-19 10:41:14,923 basehttp: "GET /acme/dashboard HTTP/1.1" 200 55195
INFO 2026-02-19 10:41:14,980 basehttp: "GET /api/acme/notifications/unread-count/ HTTP/1.1" 200 11
INFO 2026-02-19 10:41:15,001 basehttp: "GET /api/acme/tickets/stats/ HTTP/1.1" 200 298
INFO 2026-02-19 10:41:15,084 basehttp: "GET /api/acme/tickets/?page=1&per_page=10 HTTP/1.1" 200 8193
INFO 2026-02-19 10:41:15,467 basehttp: "GET /api/acme/tickets/recent-activity/?limit=30 HTTP/1.1" 200 2
INFO 2026-02-19 10:41:35,860 basehttp: "GET /acme/tickets HTTP/1.1" 200 60548
INFO 2026-02-19 10:41:35,956 basehttp: "GET /api/acme/notifications/unread-count/ HTTP/1.1" 200 11
INFO 2026-02-19 10:41:35,968 basehttp: "GET /api/acme/projects/ HTTP/1.1" 200 363
INFO 2026-02-19 10:41:35,984 basehttp: "GET /api/acme/tickets/?page=1&page_size=20 HTTP/1.1" 200 8194
/home/ashish/.pyenv/versions/3.11.9/lib/python3.11/site-packages/rest_framework/pagination.py:207: UnorderedObjectListWarning: Pagination may yield inconsistent results with an unordered object_list: <class 'apps.tickets.models.Tag'> QuerySet.
  paginator = self.django_paginator_class(queryset, page_size)
INFO 2026-02-19 10:41:35,988 basehttp: "GET /api/acme/tags/ HTTP/1.1" 200 52
INFO 2026-02-19 10:41:36,042 basehttp: "GET /api/acme/auth/users/ HTTP/1.1" 200 1816
INFO 2026-02-19 10:42:35,932 basehttp: "GET /api/acme/notifications/unread-count/ HTTP/1.1" 200 11
INFO 2026-02-19 10:43:35,935 basehttp: "GET /api/acme/notifications/unread-count/ HTTP/1.1" 200 11
INFO 2026-02-19 10:44:35,933 basehttp: "GET /api/acme/notifications/unread-count/ HTTP/1.1" 200 11
INFO 2026-02-19 10:45:35,932 basehttp: "GET /api/acme/notifications/unread-count/ HTTP/1.1" 200 11
INFO 2026-02-19 10:46:35,931 basehttp: "GET /api/acme/notifications/unread-count/ HTTP/1.1" 200 11
INFO 2026-02-19 10:46:37,366 basehttp: "GET /api/acme/tickets/?page=1&page_size=50 HTTP/1.1" 200 12167
INFO 2026-02-19 10:46:55,424 basehttp: "GET /api/acme/tickets/?page=1&page_size=10 HTTP/1.1" 200 4154
INFO 2026-02-19 10:47:13,214 basehttp: "GET /api/acme/tickets/?page=1&page_size=50 HTTP/1.1" 200 12167
INFO 2026-02-19 10:47:27,692 basehttp: "GET /api/acme/tickets/?page=1&page_size=10 HTTP/1.1" 200 4154
INFO 2026-02-19 10:47:35,933 basehttp: "GET /api/acme/notifications/unread-count/ HTTP/1.1" 200 11
INFO 2026-02-19 10:48:23,505 basehttp: "GET /acme/tickets/SUP-1029 HTTP/1.1" 200 82688
INFO 2026-02-19 10:48:23,518 basehttp: "GET /static/css/ticket-interactions.css HTTP/1.1" 200 4009
INFO 2026-02-19 10:48:23,519 basehttp: "GET /static/js/ticket-interactions.js HTTP/1.1" 200 16525
INFO 2026-02-19 10:48:23,583 basehttp: "GET /api/acme/notifications/unread-count/ HTTP/1.1" 200 11
INFO 2026-02-19 10:48:23,588 basehttp: "GET /api/acme/auth/users/ HTTP/1.1" 200 1816
INFO 2026-02-19 10:48:23,642 basehttp: "GET /api/acme/tickets/SUP-1029/ HTTP/1.1" 200 911
INFO 2026-02-19 10:48:23,701 basehttp: "GET /api/acme/canned-responses/ HTTP/1.1" 200 52
INFO 2026-02-19 10:48:23,701 basehttp: "GET /api/acme/tickets/statuses/ HTTP/1.1" 200 113
INFO 2026-02-19 10:49:23,574 basehttp: "GET /api/acme/notifications/unread-count/ HTTP/1.1" 200 11
INFO 2026-02-19 10:50:23,575 basehttp: "GET /api/acme/notifications/unread-count/ HTTP/1.1" 200 11
INFO 2026-02-19 10:51:23,574 basehttp: "GET /api/acme/notifications/unread-count/ HTTP/1.1" 200 11
INFO 2026-02-19 10:52:23,573 basehttp: "GET /api/acme/notifications/unread-count/ HTTP/1.1" 200 11
INFO 2026-02-19 10:53:16,810 autoreload: /home/ashish/Documents/ticket_system_v1/ticket_system_django/apps/accounts/platform_views.py changed, reloading.
Performing system checks...

System check identified no issues (1 silenced).
February 19, 2026 - 10:36:17
Django version 5.2.9, using settings 'config.settings.base'
Starting development server at http://0.0.0.0:8001/
Quit the server with CONTROL-C.

WARNING: This is a development server. Do not use it in a production setting. Use a production WSGI or ASGI server instead.
For more information on production servers see: https://docs.djangoproject.com/en/5.2/howto/deployment/
INFO 2026-02-19 10:53:17,190 autoreload: Watching for file changes with StatReloader
INFO 2026-02-19 10:53:23,582 basehttp: "GET /api/acme/notifications/unread-count/ HTTP/1.1" 200 11
INFO 2026-02-19 10:53:37,717 autoreload: /home/ashish/Documents/ticket_system_v1/ticket_system_django/apps/accounts/platform_views.py changed, reloading.
Performing system checks...

System check identified no issues (1 silenced).
February 19, 2026 - 10:53:17
Django version 5.2.9, using settings 'config.settings.base'
Starting development server at http://0.0.0.0:8001/
Quit the server with CONTROL-C.

WARNING: This is a development server. Do not use it in a production setting. Use a production WSGI or ASGI server instead.
For more information on production servers see: https://docs.djangoproject.com/en/5.2/howto/deployment/
INFO 2026-02-19 10:53:38,110 autoreload: Watching for file changes with StatReloader
INFO 2026-02-19 10:54:23,581 basehttp: "GET /api/acme/notifications/unread-count/ HTTP/1.1" 200 11
INFO 2026-02-19 10:55:23,574 basehttp: "GET /api/acme/notifications/unread-count/ HTTP/1.1" 200 11
INFO 2026-02-19 10:56:23,573 basehttp: "GET /api/acme/notifications/unread-count/ HTTP/1.1" 200 11
INFO 2026-02-19 10:57:23,574 basehttp: "GET /api/acme/notifications/unread-count/ HTTP/1.1" 200 11
INFO 2026-02-19 10:58:23,574 basehttp: "GET /api/acme/notifications/unread-count/ HTTP/1.1" 200 11
INFO 2026-02-19 10:59:23,573 basehttp: "GET /api/acme/notifications/unread-count/ HTTP/1.1" 200 11
INFO 2026-02-19 11:00:23,574 basehttp: "GET /api/acme/notifications/unread-count/ HTTP/1.1" 200 11
INFO 2026-02-19 11:01:23,574 basehttp: "GET /api/acme/notifications/unread-count/ HTTP/1.1" 200 11
INFO 2026-02-19 11:02:23,573 basehttp: "GET /api/acme/notifications/unread-count/ HTTP/1.1" 200 11
INFO 2026-02-19 11:03:23,574 basehttp: "GET /api/acme/notifications/unread-count/ HTTP/1.1" 200 11
INFO 2026-02-19 11:04:23,573 basehttp: "GET /api/acme/notifications/unread-count/ HTTP/1.1" 200 11
INFO 2026-02-19 11:05:23,573 basehttp: "GET /api/acme/notifications/unread-count/ HTTP/1.1" 200 11
INFO 2026-02-19 11:06:23,573 basehttp: "GET /api/acme/notifications/unread-count/ HTTP/1.1" 200 11
INFO 2026-02-19 11:07:23,573 basehttp: "GET /api/acme/notifications/unread-count/ HTTP/1.1" 200 11
INFO 2026-02-19 11:08:23,573 basehttp: "GET /api/acme/notifications/unread-count/ HTTP/1.1" 200 11
INFO 2026-02-19 11:09:23,573 basehttp: "GET /api/acme/notifications/unread-count/ HTTP/1.1" 200 11
INFO 2026-02-19 11:10:23,573 basehttp: "GET /api/acme/notifications/unread-count/ HTTP/1.1" 200 11
INFO 2026-02-19 11:11:23,574 basehttp: "GET /api/acme/notifications/unread-count/ HTTP/1.1" 200 11
INFO 2026-02-19 11:12:23,573 basehttp: "GET /api/acme/notifications/unread-count/ HTTP/1.1" 200 11
INFO 2026-02-19 11:13:23,573 basehttp: "GET /api/acme/notifications/unread-count/ HTTP/1.1" 200 11
INFO 2026-02-19 11:14:23,573 basehttp: "GET /api/acme/notifications/unread-count/ HTTP/1.1" 200 11
INFO 2026-02-19 11:15:23,573 basehttp: "GET /api/acme/notifications/unread-count/ HTTP/1.1" 200 11
INFO 2026-02-19 11:16:23,573 basehttp: "GET /api/acme/notifications/unread-count/ HTTP/1.1" 200 11
INFO 2026-02-19 11:17:23,573 basehttp: "GET /api/acme/notifications/unread-count/ HTTP/1.1" 200 11
INFO 2026-02-19 11:18:23,573 basehttp: "GET /api/acme/notifications/unread-count/ HTTP/1.1" 200 11
INFO 2026-02-19 11:19:23,573 basehttp: "GET /api/acme/notifications/unread-count/ HTTP/1.1" 200 11
INFO 2026-02-19 11:20:23,573 basehttp: "GET /api/acme/notifications/unread-count/ HTTP/1.1" 200 11
INFO 2026-02-19 11:21:23,574 basehttp: "GET /api/acme/notifications/unread-count/ HTTP/1.1" 200 11
INFO 2026-02-19 11:22:23,573 basehttp: "GET /api/acme/notifications/unread-count/ HTTP/1.1" 200 11
INFO 2026-02-19 11:23:23,573 basehttp: "GET /api/acme/notifications/unread-count/ HTTP/1.1" 200 11
INFO 2026-02-19 11:24:23,573 basehttp: "GET /api/acme/notifications/unread-count/ HTTP/1.1" 200 11
INFO 2026-02-19 11:25:23,573 basehttp: "GET /api/acme/notifications/unread-count/ HTTP/1.1" 200 11
INFO 2026-02-19 11:26:23,573 basehttp: "GET /api/acme/notifications/unread-count/ HTTP/1.1" 200 11
INFO 2026-02-19 11:27:23,573 basehttp: "GET /api/acme/notifications/unread-count/ HTTP/1.1" 200 11
INFO 2026-02-19 11:28:23,573 basehttp: "GET /api/acme/notifications/unread-count/ HTTP/1.1" 200 11
INFO 2026-02-19 11:29:23,573 basehttp: "GET /api/acme/notifications/unread-count/ HTTP/1.1" 200 11
INFO 2026-02-19 11:30:23,573 basehttp: "GET /api/acme/notifications/unread-count/ HTTP/1.1" 200 11
INFO 2026-02-19 11:31:23,573 basehttp: "GET /api/acme/notifications/unread-count/ HTTP/1.1" 200 11
INFO 2026-02-19 11:32:23,573 basehttp: "GET /api/acme/notifications/unread-count/ HTTP/1.1" 200 11
INFO 2026-02-19 11:33:23,573 basehttp: "GET /api/acme/notifications/unread-count/ HTTP/1.1" 200 11
INFO 2026-02-19 11:34:23,573 basehttp: "GET /api/acme/notifications/unread-count/ HTTP/1.1" 200 11
INFO 2026-02-19 11:35:23,573 basehttp: "GET /api/acme/notifications/unread-count/ HTTP/1.1" 200 11
INFO 2026-02-19 11:36:23,573 basehttp: "GET /api/acme/notifications/unread-count/ HTTP/1.1" 200 11
INFO 2026-02-19 11:37:23,573 basehttp: "GET /api/acme/notifications/unread-count/ HTTP/1.1" 200 11
INFO 2026-02-19 11:38:23,574 basehttp: "GET /api/acme/notifications/unread-count/ HTTP/1.1" 200 11
INFO 2026-02-19 11:39:23,573 basehttp: "GET /api/acme/notifications/unread-count/ HTTP/1.1" 200 11
INFO 2026-02-19 11:40:23,573 basehttp: "GET /api/acme/notifications/unread-count/ HTTP/1.1" 200 11
INFO 2026-02-19 11:41:23,573 basehttp: "GET /api/acme/notifications/unread-count/ HTTP/1.1" 200 11
INFO 2026-02-19 11:42:23,573 basehttp: "GET /api/acme/notifications/unread-count/ HTTP/1.1" 200 11
INFO 2026-02-19 11:42:25,375 autoreload: /home/ashish/Documents/ticket_system_v1/ticket_system_django/apps/accounts/platform_urls.py changed, reloading.
Performing system checks...

System check identified no issues (1 silenced).
February 19, 2026 - 10:53:38
Django version 5.2.9, using settings 'config.settings.base'
Starting development server at http://0.0.0.0:8001/
Quit the server with CONTROL-C.

WARNING: This is a development server. Do not use it in a production setting. Use a production WSGI or ASGI server instead.
For more information on production servers see: https://docs.djangoproject.com/en/5.2/howto/deployment/
INFO 2026-02-19 11:42:25,742 autoreload: Watching for file changes with StatReloader
INFO 2026-02-19 11:43:23,581 basehttp: "GET /api/acme/notifications/unread-count/ HTTP/1.1" 200 11
INFO 2026-02-19 11:44:23,574 basehttp: "GET /api/acme/notifications/unread-count/ HTTP/1.1" 200 11
INFO 2026-02-19 11:45:23,574 basehttp: "GET /api/acme/notifications/unread-count/ HTTP/1.1" 200 11
INFO 2026-02-19 11:46:23,573 basehttp: "GET /api/acme/notifications/unread-count/ HTTP/1.1" 200 11
INFO 2026-02-19 11:46:29,270 autoreload: /home/ashish/Documents/ticket_system_v1/ticket_system_django/apps/accounts/platform_views.py changed, reloading.
Performing system checks...

LOADING PLATFORM URLS
System check identified no issues (1 silenced).
February 19, 2026 - 11:42:25
Django version 5.2.9, using settings 'config.settings.base'
Starting development server at http://0.0.0.0:8001/
Quit the server with CONTROL-C.

WARNING: This is a development server. Do not use it in a production setting. Use a production WSGI or ASGI server instead.
For more information on production servers see: https://docs.djangoproject.com/en/5.2/howto/deployment/
INFO 2026-02-19 11:46:29,660 autoreload: Watching for file changes with StatReloader
INFO 2026-02-19 11:47:23,581 basehttp: "GET /api/acme/notifications/unread-count/ HTTP/1.1" 200 11
INFO 2026-02-19 11:48:23,573 basehttp: "GET /api/acme/notifications/unread-count/ HTTP/1.1" 200 11
INFO 2026-02-19 11:49:23,573 basehttp: "GET /api/acme/notifications/unread-count/ HTTP/1.1" 200 11
INFO 2026-02-19 11:50:23,573 basehttp: "GET /api/acme/notifications/unread-count/ HTTP/1.1" 200 11
INFO 2026-02-19 11:51:23,573 basehttp: "GET /api/acme/notifications/unread-count/ HTTP/1.1" 200 11
INFO 2026-02-19 11:52:23,573 basehttp: "GET /api/acme/notifications/unread-count/ HTTP/1.1" 200 11
INFO 2026-02-19 11:53:23,573 basehttp: "GET /api/acme/notifications/unread-count/ HTTP/1.1" 200 11
INFO 2026-02-19 11:54:23,573 basehttp: "GET /api/acme/notifications/unread-count/ HTTP/1.1" 200 11
INFO 2026-02-19 11:55:23,573 basehttp: "GET /api/acme/notifications/unread-count/ HTTP/1.1" 200 11
INFO 2026-02-19 11:56:23,573 basehttp: "GET /api/acme/notifications/unread-count/ HTTP/1.1" 200 11
INFO 2026-02-19 11:57:23,573 basehttp: "GET /api/acme/notifications/unread-count/ HTTP/1.1" 200 11
INFO 2026-02-19 11:58:23,574 basehttp: "GET /api/acme/notifications/unread-count/ HTTP/1.1" 200 11
INFO 2026-02-19 11:59:23,574 basehttp: "GET /api/acme/notifications/unread-count/ HTTP/1.1" 200 11
INFO 2026-02-19 12:00:23,574 basehttp: "GET /api/acme/notifications/unread-count/ HTTP/1.1" 200 11
INFO 2026-02-19 12:01:23,576 basehttp: "GET /api/acme/notifications/unread-count/ HTTP/1.1" 200 11
INFO 2026-02-20 08:41:34,011 autoreload: /home/ashish/.pyenv/versions/3.11.9/lib/python3.11/site-packages/urllib3/util/request.py changed, reloading.
Performing system checks...

LOADING PLATFORM URLS
System check identified no issues (1 silenced).
February 19, 2026 - 11:46:29
Django version 5.2.9, using settings 'config.settings.base'
Starting development server at http://0.0.0.0:8001/
Quit the server with CONTROL-C.

WARNING: This is a development server. Do not use it in a production setting. Use a production WSGI or ASGI server instead.
For more information on production servers see: https://docs.djangoproject.com/en/5.2/howto/deployment/
INFO 2026-02-20 08:41:34,522 autoreload: Watching for file changes with StatReloader
INFO 2026-02-20 08:44:22,711 autoreload: /home/ashish/.pyenv/versions/3.11.9/lib/python3.11/site-packages/sqlparse/formatter.py changed, reloading.
Performing system checks...

LOADING PLATFORM URLS
System check identified no issues (1 silenced).
February 20, 2026 - 08:41:34
Django version 5.2.9, using settings 'config.settings.base'
Starting development server at http://0.0.0.0:8001/
Quit the server with CONTROL-C.

WARNING: This is a development server. Do not use it in a production setting. Use a production WSGI or ASGI server instead.
For more information on production servers see: https://docs.djangoproject.com/en/5.2/howto/deployment/
INFO 2026-02-20 08:44:23,125 autoreload: Watching for file changes with StatReloader
Performing system checks...

LOADING PLATFORM URLS
System check identified no issues (1 silenced).
February 20, 2026 - 08:44:23
Django version 5.2.9, using settings 'config.settings.base'
Starting development server at http://0.0.0.0:8001/
Quit the server with CONTROL-C.

WARNING: This is a development server. Do not use it in a production setting. Use a production WSGI or ASGI server instead.
For more information on production servers see: https://docs.djangoproject.com/en/5.2/howto/deployment/
