nohup: ignoring input
INFO 2026-02-19 11:43:25,989 autoreload: Watching for file changes with StatReloader
WARNING 2026-02-19 11:43:34,517 log: Unauthorized: /api/platform/login
WARNING 2026-02-19 11:43:34,517 basehttp: "POST /api/platform/login HTTP/1.1" 401 31
INFO 2026-02-19 11:44:15,790 basehttp: "POST /api/platform/login HTTP/1.1" 200 635
INFO 2026-02-19 11:44:15,798 basehttp: "GET /api/platform/organizations?page=1&page_size=2 HTTP/1.1" 200 619
INFO 2026-02-19 11:44:15,803 basehttp: "GET /api/platform/enquiries?page=1&page_size=2 HTTP/1.1" 200 524
INFO 2026-02-19 11:44:53,059 basehttp: "POST /api/platform/login HTTP/1.1" 200 635
INFO 2026-02-19 11:44:53,065 basehttp: "GET /api/platform/organizations?page=1&page_size=2 HTTP/1.1" 200 619
INFO 2026-02-19 11:44:53,070 basehttp: "GET /api/platform/enquiries?page=1&page_size=2 HTTP/1.1" 200 524
INFO 2026-02-19 11:45:51,966 basehttp: "POST /api/platform/login HTTP/1.1" 200 635
INFO 2026-02-19 11:45:51,973 basehttp: "GET /api/platform/organizations?page=1&page_size=2 HTTP/1.1" 200 619
INFO 2026-02-19 11:46:29,098 autoreload: /home/ashish/Documents/ticket_system_v1/ticket_system_django/apps/accounts/platform_views.py changed, reloading.
Performing system checks...

LOADING PLATFORM URLS
System check identified no issues (1 silenced).
February 19, 2026 - 11:43:26
Django version 5.2.9, using settings 'config.settings.base'
Starting development server at http://127.0.0.1:8002/
Quit the server with CONTROL-C.

WARNING: This is a development server. Do not use it in a production setting. Use a production WSGI or ASGI server instead.
For more information on production servers see: https://docs.djangoproject.com/en/5.2/howto/deployment/
INFO 2026-02-19 11:46:29,474 autoreload: Watching for file changes with StatReloader
Performing system checks...

LOADING PLATFORM URLS
System check identified no issues (1 silenced).
February 19, 2026 - 11:46:29
Django version 5.2.9, using settings 'config.settings.base'
Starting development server at http://127.0.0.1:8002/
Quit the server with CONTROL-C.

WARNING: This is a development server. Do not use it in a production setting. Use a production WSGI or ASGI server instead.
For more information on production servers see: https://docs.djangoproject.com/en/5.2/howto/deployment/
